a
a
apple
banana
banana
banana
book
car
cat
cucumber
walked
well
your
zebra